// Jest Snapshot v1, https://goo.gl/fbAQLP

exports[`<CommentList tests /> match snapshot 1`] = `
<ul
  className="media-list"
>
   
  <li
    className="media border-light border-bottom p-1"
    key="0"
  >
    <a
      className="float-left mr-1"
      href="#"
    >
      <img
        alt=""
        className="rounded-circle"
        src="https://i.stack.imgur.com/xHWG8.jpg"
        style={
          Object {
            "height": "50px",
          }
        }
      />
    </a>
    <div
      className="media-body"
    >
      <span
        className="text-muted float-right"
      >
        <small
          className="text-muted"
        >
          February, 18th 2016, 08:52 am
        </small>
      </span>
      <strong
        className="text-success"
      >
        @
        jake
      </strong>
      <p>
        It takes a Jacobian
      </p>
      <span
        className="float-right hover-hand"
        onClick={[Function]}
      >
        <svg
          className="bi bi-trash-fill"
          fill="currentColor"
          height="1em"
          viewBox="0 0 16 16"
          width="1em"
          xmlns="http://www.w3.org/2000/svg"
        >
          <path
            d="M2.5 1a1 1 0 0 0-1 1v1a1 1 0 0 0 1 1H3v9a2 2 0 0 0 2 2h6a2 2 0 0 0 2-2V4h.5a1 1 0 0 0 1-1V2a1 1 0 0 0-1-1H10a1 1 0 0 0-1-1H7a1 1 0 0 0-1 1H2.5zm3 4a.5.5 0 0 1 .5.5v7a.5.5 0 0 1-1 0v-7a.5.5 0 0 1 .5-.5zM8 5a.5.5 0 0 1 .5.5v7a.5.5 0 0 1-1 0v-7A.5.5 0 0 1 8 5zm3 .5a.5.5 0 0 0-1 0v7a.5.5 0 0 0 1 0v-7z"
            fillRule="evenodd"
          />
        </svg>
      </span>
    </div>
  </li>
</ul>
`;
